0 verbose cli D:\node.exe D:\node_modules\npm\bin\npm-cli.js
1 info using npm@11.11.0
2 info using node@v24.14.1
3 silly config load:file:D:\node_modules\npm\npmrc
4 silly config load:file:C:\Users\BAI\Desktop\project\.npmrc
5 silly config load:file:C:\Users\BAI\.npmrc
6 silly config load:file:C:\Users\BAI\.npm-global\etc\npmrc
7 verbose title npm exec @modelcontextprotocol/server-github
8 verbose argv "exec" "--yes" "--" "@modelcontextprotocol/server-github"
9 verbose logfile logs-max:10 dir:C:\Users\BAI\Desktop\project\.cache\npm\_logs\2026-06-01T12_29_07_523Z-
10 verbose logfile C:\Users\BAI\Desktop\project\.cache\npm\_logs\2026-06-01T12_29_07_523Z-debug-0.log
11 silly logfile done cleaning log files
12 silly packumentCache heap:4496293888 maxSize:1124073472 maxEntrySize:562036736
13 http fetch GET 200 https://registry.npmmirror.com/@modelcontextprotocol%2fserver-github 112ms (cache revalidated)
14 silly packumentCache heap:4496293888 maxSize:1124073472 maxEntrySize:562036736
15 silly packumentCache heap:4496293888 maxSize:1124073472 maxEntrySize:562036736
16 verbose cwd C:\Users\BAI\Desktop\project
17 verbose os Windows_NT 10.0.19045
18 verbose node v24.14.1
19 verbose npm  v11.11.0
20 verbose exit 0
21 info ok
